// Jest Snapshot v1, https://goo.gl/fbAQLP

exports[`Testing Adding Expences component render 1`] = `
<div>
  <p>
    This is add expense page
  </p>
  <ExpenseForm
    onSubmit={[Function]}
  />
</div>
`;
