// Jest Snapshot v1, https://goo.gl/fbAQLP

exports[`Testing Editing Expences component render 1`] = `
<div>
  <div
    className="page-header"
  >
    <div
      className="content-container"
    >
      <h3
        className="page-header__title"
      >
        Editing expence
      </h3>
    </div>
  </div>
  <div
    className="content-container"
  >
    <ExpenseForm
      expense={
        Object {
          "amount": 20000,
          "createdAt": 0,
          "description": "Rent",
          "id": "1",
          "note": "",
        }
      }
      onSubmit={[Function]}
    />
    <button
      className="button button--secondary"
      onClick={[Function]}
    >
      Remove Expense
    </button>
  </div>
</div>
`;
