// Jest Snapshot v1, https://goo.gl/fbAQLP

exports[`Test Expense item component 1`] = `
<div>
  <Link
    className="list-item"
    to="/edit/:1"
  >
    <div>
      <h3
        className="list-item__title"
      >
        Rent
      </h3>
      <span
        className="list-item__sub-title"
      >
        1st Jan 1970
      </span>
    </div>
    <h3
      className="list-item__data"
    >
      $20,000.00
    </h3>
  </Link>
</div>
`;
