// Jest Snapshot v1, https://goo.gl/fbAQLP

exports[`Testing Not found page component 1`] = `
<p>
  404!!
  <Link
    to="/"
  >
     GO Home 
  </Link>
</p>
`;
